<html>
<body>
<pre>
<h1>µVision Build Log</h1>
<h2>Project:</h2>
C:\Work\maliyu\MCU\STM\STM32F0\Development\STM32F0-SX9500\Project\STM32F0-SX9500\STM32F0-SX9500.uvproj
Project File Date:  06/04/2014

<h2>Output:</h2>
Rebuild target 'STM32F0-SX9500'
compiling stm32f0xx_it.c...
compiling sx9500.c...
compiling main.c...
compiling system_stm32f0xx.c...
compiling task.c...
compiling stm32f0xx_exti.c...
compiling stm32f0xx_syscfg.c...
compiling stm32f0xx_rcc.c...
compiling stm32f0xx_misc.c...
compiling stm32f0xx_i2c.c...
compiling stm32f0xx_gpio.c...
compiling stm32f0xx_tim.c...
compiling stm32f0_discovery.c...
assembling startup_stm32f0xx.s...
linking...
Program Size: Code=10116 RO-data=252 RW-data=56 ZI-data=1632  
FromELF: creating hex file...
".\obj\STM32F0-SX9500.axf" - 0 Error(s), 0 Warning(s).
Load "C:\\Work\\maliyu\\MCU\\STM\\STM32F0\\Development\\STM32F0-SX9500\\Project\\STM32F0-SX9500\\obj\\STM32F0-SX9500.axf" 
Erase Done.
Programming Done.
Verify OK.
Application running ...
TM32F0-SX9500\\obj\\STM32F0-SX9500.axf" 
Erase Done.
Programming Done.
Verify OK.
Application running ...
