<html>
<body>
<pre>
<h1>µVision Build Log</h1>
<h2>Project:</h2>
C:\Work\maliyu\MCU\STM\STM32F0\Development\STM32F0-SX9500\Project\Demonstration\MDK-ARM\STM32F0-Discovery_Demo.uvproj
Project File Date:  05/27/2014

<h2>Output:</h2>
Build target 'Demo'
compiling main.c...
linking...
Program Size: Code=1540 RO-data=252 RW-data=36 ZI-data=1028  
".\Demo\Demo.axf" - 0 Error(s), 0 Warning(s).
Load "C:\\Work\\maliyu\\MCU\\STM\\STM32F0\\Development\\STM32F0-SX9500\\Project\\Demonstration\\MDK-ARM\\Demo\\Demo.axf" 
Erase Done.
Programming Done.
Verify OK.
ing stm32f0xx_flash.c...
compiling stm32f0xx_gpio.c...
compiling stm32f0xx_i2c.c...
compiling stm32f0xx_rcc.c...
compiling stm32f0xx_spi.c...
compiling stm32f0xx_tim.c...
assembling startup_stm32f0xx.s...
linking...
Program Size: Code=1540 RO-data=252 RW-data=36 ZI-data=1028  
".\Demo\Demo.axf" - 0 Error(s), 0 Warning(s).
Load "C:\\Work\\maliyu\\MCU\\STM\\STM32F0\\Development\\STM32F0-SX9500\\Project\\Demonstration\\MDK-ARM\\Demo\\Demo.axf" 
Erase Done.
Programming Done.
Verify OK.
